{Unrecognized function or variable 'main_run_all_tests'.

Error in <a href="matlab:matlab.lang.internal.introspective.errorDocCallback('battery', '/MATLAB Drive/battery.m', 127)" style="font-weight:bold">battery</a> (<a href="matlab: opentoline('/MATLAB Drive/battery.m',127,0)">line 127</a>)
main_run_all_tests
^^^^^^^^^^^^^^^^^^
} 
battery
Test 1/3: constant-current discharge...
Test 2/3: HPPC pulse test and parameter extraction...
Extracted ECM parameters (one row per pulse, high to low SOC):
    <strong>PulseIndex</strong>     <strong>R0_Ohm</strong>      <strong>R1_Ohm</strong>     <strong>C1_Farad</strong>
    <strong>__________</strong>    <strong>________</strong>    <strong>________</strong>    <strong>________</strong>

        1             0.02    0.010062     2200.2 
        2         0.019966    0.011783     1878.9 
        3         0.019966    0.011783     1878.9 
        4         0.019966    0.011783     1878.9 
        5         0.019966    0.011783     1878.9 
        6         0.019966    0.011783     1878.9 
        7         0.019966    0.011783     1878.9 
        8         0.019966    0.011783     1878.9 
        9         0.019966    0.011783     1878.9 

True parameters -> R0 = 0.0200 Ohm, R1 = 0.0150 Ohm, C1 = 2000.0 F

Test 3/3: dynamic drive-cycle SOC estimation...
RMSE, Coulomb counting: 10.00 % SOC
RMSE, EKF:              0.32 % SOC

All tests complete. Figures saved to /results.
diary results/test_results.txt
